// Jest Snapshot v1, https://goo.gl/fbAQLP

exports[`search renders correctly 1`] = `
<DocumentFragment>
  <input
    class="search-field"
    type="text"
  />
</DocumentFragment>
`;
